0.96 0.05 0.04 0.03 0.02
0.01 0.80 0.16 0.10 0.00
0.01 0.08 0.70 0.00 0.10
0.01 0.04 0.00 0.60 0.30
0.01 0.00 0.04 0.07 0.50
